align-content
align-items
align-self
animation-delay
animation-direction
animation-duration
animation-fill-mode
animation-iteration-count
animation-name
animation-play-state
animation-timing-function
backface-visibility
background-attachment
background-blend-mode
background-clip
background-color
background-image
background-origin
background-position
background-repeat
background-size
border-bottom-color
border-bottom-left-radius
border-bottom-right-radius
border-bottom-style
border-bottom-width
border-collapse
border-image-outset
border-image-repeat
border-image-slice
border-image-source
border-image-width
border-left-color
border-left-style
border-left-width
border-right-color
border-right-style
border-right-width
border-spacing
border-top-color
border-top-left-radius
border-top-right-radius
border-top-style
border-top-width
bottom
box-decoration-break
-webkit-box-reflect
box-shadow
box-sizing
break-after
break-before
break-inside
caption-side
clear
clip
clip-path
color
column-count
column-fill
column-gap
column-rule-color
column-rule-style
column-rule-width
column-span
column-width
content
counter-increment
counter-reset
cursor
direction
display
empty-cells
filter
flex-basis
flex-direction
flex-grow
flex-shrink
flex-wrap
float
font-family
font-feature-settings
font-kerning
font-language-override
font-size
font-size-adjust
font-stretch
font-style
font-synthesis
font-variant-alternates
font-variant-caps
font-variant-east-asian
font-variant-ligatures
font-variant-numeric
font-variant-position
font-weight
grid-auto-columns
grid-auto-flow
grid-auto-position
grid-auto-rows
grid-column-start
grid-column-end
grid-row-start
grid-row-end
grid-template-areas
grid-template-rows
grid-template-columns
height
hyphens
image-rendering
image-resolution
image-orientation
ime-mode
initial
inline-size
isolation
justify-content
left
letter-spacing
line-break
line-height
list-style-image
list-style-position
list-style-type
margin-bottom
margin-left
margin-right
margin-top
marks
mask
mask-type
max-height
max-width
min-height
min-width
mix-blend-mode
object-fit
object-position
opacity
order
orphans
outline-color
outline-offset
outline-style
outline-width
overflow
overflow-wrap
overflow-x
overflow-y
padding-bottom
padding-left
padding-right
padding-top
page-break-after
page-break-before
page-break-inside
perspective
perspective-origin
pointer-events
position
quotes
resize
right
ruby-align
ruby-merge
ruby-position
scroll-behavior
shape-image-threshold
shape-margin
shape-outside
table-layout
tab-size
text-align
text-align-last
text-combine-upright
text-decoration-color
text-decoration-line
text-decoration-style
text-indent
text-orientation
text-overflow
text-rendering
text-shadow
text-size-adjust
text-transform
text-underline-position
top
touch-action
transform
transform-origin
transform-style
transition-delay
transition-duration
transition-property
transition-timing-function
unicode-bidi
unicode-range
user-select
vertical-align
visibility
white-space
widows
width
will-change
word-break
word-spacing
word-wrap
writing-mode
z-index
all
animation
background
block-size
border
border-block-end
border-block-end-color
border-block-end-style
border-block-end-width
border-block-start
border-block-start-color
border-block-start-style
border-block-start-width
border-bottom
border-color
border-image
border-inline-end
border-inline-end-color
border-inline-end-style
border-inline-end-width
border-inline-start
border-inline-start-color
border-inline-start-style
border-inline-start-width
border-left
border-radius
border-right
border-style
border-top
border-width
columns
column-rule
flex
flex-flow
font
font-variant
list-style
margin
margin-block-end
margin-block-start
margin-inline-end
margin-inline-start
max-block-size
max-inline-size
min-block-size
min-inline-size
offset-block-end
offset-block-start
offset-inline-end
offset-inline-start
outline
padding
padding-block-end
padding-block-start
padding-inline-end
padding-inline-start
text-decoration
transition
